mpif90  -c  -O3 -fcray-pointer -fdefault-real-8 -x f77-cpp-input -DTIMERS -DPTRSIZE8 -DMPI -DLONGINT8 -DUNDERSCORE -DGLOBAL_LONG_LONG -I/home/hadi/Downloads/Coral/nekbone-2.3.4/test/example1 -I/home/hadi/Downloads/Coral/nekbone-2.3.4/src -I./ /home/hadi/Downloads/Coral/nekbone-2.3.4/src/cg.f -o obj/cg.o
mpif90  -c  -O3 -fcray-pointer -fdefault-real-8 -x f77-cpp-input -DTIMERS -DPTRSIZE8 -DMPI -DLONGINT8 -DUNDERSCORE -DGLOBAL_LONG_LONG -I/home/hadi/Downloads/Coral/nekbone-2.3.4/test/example1 -I/home/hadi/Downloads/Coral/nekbone-2.3.4/src -I./ /home/hadi/Downloads/Coral/nekbone-2.3.4/src/driver.f -o obj/driver.o
mpif90  -c  -O3 -fcray-pointer -fdefault-real-8 -x f77-cpp-input -DTIMERS -DPTRSIZE8 -DMPI -DLONGINT8 -DUNDERSCORE -DGLOBAL_LONG_LONG -I/home/hadi/Downloads/Coral/nekbone-2.3.4/test/example1 -I/home/hadi/Downloads/Coral/nekbone-2.3.4/src -I./ /home/hadi/Downloads/Coral/nekbone-2.3.4/src/math.f -o obj/math.o
mpif90  -c  -O3 -fcray-pointer -fdefault-real-8 -x f77-cpp-input -DTIMERS -DPTRSIZE8 -DMPI -DLONGINT8 -DUNDERSCORE -DGLOBAL_LONG_LONG -I/home/hadi/Downloads/Coral/nekbone-2.3.4/test/example1 -I/home/hadi/Downloads/Coral/nekbone-2.3.4/src -I./ /home/hadi/Downloads/Coral/nekbone-2.3.4/src/omp.f -o obj/omp.o
/home/hadi/Downloads/Coral/nekbone-2.3.4/src/math.f:1037.21:

      call sort(xout,work,n)                                            
                     1
Warning: Type mismatch in argument 'ind' at (1); passed REAL(8) to INTEGER(4)
mpif90  -c  -O3 -fcray-pointer -fdefault-real-8 -x f77-cpp-input -DTIMERS -DPTRSIZE8 -DMPI -DLONGINT8 -DUNDERSCORE -DGLOBAL_LONG_LONG -I/home/hadi/Downloads/Coral/nekbone-2.3.4/test/example1 -I/home/hadi/Downloads/Coral/nekbone-2.3.4/src -I./ /home/hadi/Downloads/Coral/nekbone-2.3.4/src/mxm_wrapper.f -o obj/mxm_wrapper.o 
mpif90  -c  -O3 -fcray-pointer -fdefault-real-8 -x f77-cpp-input -DTIMERS -DPTRSIZE8 -DMPI -DLONGINT8 -DUNDERSCORE -DGLOBAL_LONG_LONG -I/home/hadi/Downloads/Coral/nekbone-2.3.4/test/example1 -I/home/hadi/Downloads/Coral/nekbone-2.3.4/src -I./ /home/hadi/Downloads/Coral/nekbone-2.3.4/src/prox_dssum.f -o obj/prox_dssum.o
mpif90  -c  -O3 -fcray-pointer -fdefault-real-8 -x f77-cpp-input -DTIMERS -DPTRSIZE8 -DMPI -DLONGINT8 -DUNDERSCORE -DGLOBAL_LONG_LONG -I/home/hadi/Downloads/Coral/nekbone-2.3.4/test/example1 -I/home/hadi/Downloads/Coral/nekbone-2.3.4/src -I./ /home/hadi/Downloads/Coral/nekbone-2.3.4/src/prox_setup.f -o obj/prox_setup.o
mpif90  -c  -O3 -fcray-pointer -fdefault-real-8 -x f77-cpp-input -DTIMERS -DPTRSIZE8 -DMPI -DLONGINT8 -DUNDERSCORE -DGLOBAL_LONG_LONG -I/home/hadi/Downloads/Coral/nekbone-2.3.4/test/example1 -I/home/hadi/Downloads/Coral/nekbone-2.3.4/src -I./ /home/hadi/Downloads/Coral/nekbone-2.3.4/src/semhat.f -o obj/semhat.o
mpif90  -c  -O3 -fcray-pointer -fdefault-real-8 -x f77-cpp-input -DTIMERS -DPTRSIZE8 -DMPI -DLONGINT8 -DUNDERSCORE -DGLOBAL_LONG_LONG -I/home/hadi/Downloads/Coral/nekbone-2.3.4/test/example1 -I/home/hadi/Downloads/Coral/nekbone-2.3.4/src -I./ /home/hadi/Downloads/Coral/nekbone-2.3.4/src/speclib.f -o obj/speclib.o
mpif90  -c  -O3 -fcray-pointer -fdefault-real-8 -x f77-cpp-input -DTIMERS -DPTRSIZE8 -DMPI -DLONGINT8 -DUNDERSCORE -DGLOBAL_LONG_LONG -I/home/hadi/Downloads/Coral/nekbone-2.3.4/test/example1 -I/home/hadi/Downloads/Coral/nekbone-2.3.4/src -I./ /home/hadi/Downloads/Coral/nekbone-2.3.4/src/comm_mpi.f -o obj/comm_mpi.o
mpif90  -c  -O3 -fcray-pointer -fdefault-real-8 -x f77-cpp-input -DTIMERS -DPTRSIZE8 -DMPI -DLONGINT8 -DUNDERSCORE -DGLOBAL_LONG_LONG -I/home/hadi/Downloads/Coral/nekbone-2.3.4/test/example1 -I/home/hadi/Downloads/Coral/nekbone-2.3.4/src -I./ /home/hadi/Downloads/Coral/nekbone-2.3.4/src/mxm_std.f -o obj/mxm_std.o
/home/hadi/Downloads/Coral/nekbone-2.3.4/src/comm_mpi.f:286.17:

      call bcast(item,isize)                                            
                 1
Warning: Type mismatch in argument 'buf' at (1); passed INTEGER(4) to REAL(4)
/home/hadi/Downloads/Coral/nekbone-2.3.4/src/comm_mpi.f:995.28:

            call crecv(type,w,bytes)                                    
                            1
Warning: Type mismatch in argument 'buf' at (1); passed REAL(8) to REAL(4)
/home/hadi/Downloads/Coral/nekbone-2.3.4/src/comm_mpi.f:1017.38:

      if (nid .ne. 0) call csend(type,x,bytes,parent,nullpid)           
                                      1
Warning: Type mismatch in argument 'buf' at (1); passed REAL(8) to REAL(4)
/home/hadi/Downloads/Coral/nekbone-2.3.4/src/comm_mpi.f:1028.22:

           call csend(typer,x,bytes,jnid,nullpid)                       
                      1
Warning: Type mismatch in argument 'mtype' at (1); passed REAL(8) to INTEGER(4)
/home/hadi/Downloads/Coral/nekbone-2.3.4/src/comm_mpi.f:1030.22:

           call crecv(typer,x,bytes)                                    
                      1
Warning: Type mismatch in argument 'mtype' at (1); passed REAL(8) to INTEGER(4)
/home/hadi/Downloads/Coral/nekbone-2.3.4/src/comm_mpi.f:773.15:

      call gop(tmsg,t1,'+  ',1)                                         
               1
Warning: Rank mismatch in argument 'x' at (1) (rank-1 and scalar)
/home/hadi/Downloads/Coral/nekbone-2.3.4/src/comm_mpi.f:778.24:

         msg  = irecv(1,y,1)                                            
                        1
Warning: Type mismatch in argument 'x' at (1); passed REAL(8) to INTEGER(4)
/home/hadi/Downloads/Coral/nekbone-2.3.4/src/comm_mpi.f:779.22:

         call csend(1,x,1,nodeb,0)   ! Initiate send, to synch.         
                      1
Warning: Type mismatch in argument 'buf' at (1); passed REAL(8) to REAL(4)
/home/hadi/Downloads/Coral/nekbone-2.3.4/src/comm_mpi.f:784.27:

            msg  = irecv(i,y,len)                                       
                           1
Warning: Type mismatch in argument 'x' at (1); passed REAL(8) to INTEGER(4)
/home/hadi/Downloads/Coral/nekbone-2.3.4/src/comm_mpi.f:785.25:

            call csend(i,x,len,nodeb,0)                                 
                         1
Warning: Type mismatch in argument 'buf' at (1); passed REAL(8) to REAL(4)
/home/hadi/Downloads/Coral/nekbone-2.3.4/src/comm_mpi.f:794.22:

         call crecv(1,y,1)           ! Initiate send, to synch.         
                      1
Warning: Type mismatch in argument 'buf' at (1); passed REAL(8) to REAL(4)
/home/hadi/Downloads/Coral/nekbone-2.3.4/src/comm_mpi.f:795.22:

         call csend(1,x,1,nodea,0)                                      
                      1
Warning: Type mismatch in argument 'buf' at (1); passed REAL(8) to REAL(4)
/home/hadi/Downloads/Coral/nekbone-2.3.4/src/comm_mpi.f:799.25:

            call crecv(i,y,len)                                         
                         1
Warning: Type mismatch in argument 'buf' at (1); passed REAL(8) to REAL(4)
/home/hadi/Downloads/Coral/nekbone-2.3.4/src/comm_mpi.f:800.25:

            call csend(i,x,len,nodea,0)                                 
                         1
Warning: Type mismatch in argument 'buf' at (1); passed REAL(8) to REAL(4)
/home/hadi/Downloads/Coral/nekbone-2.3.4/src/comm_mpi.f:808.15:

      call gop(tmsg,t1,'+  ',1)                                         
               1
Warning: Rank mismatch in argument 'x' at (1) (rank-1 and scalar)
/home/hadi/Downloads/Coral/nekbone-2.3.4/src/comm_mpi.f:702.31:

            msg  = irecv(itest,y,1)                                     
                               1
Warning: Type mismatch in argument 'x' at (1); passed REAL(8) to INTEGER(4)
/home/hadi/Downloads/Coral/nekbone-2.3.4/src/comm_mpi.f:703.29:

            call csend(itest,x,1,nodeb,0)   ! Initiate send, to synch.  
                             1
Warning: Type mismatch in argument 'buf' at (1); passed REAL(8) to REAL(4)
/home/hadi/Downloads/Coral/nekbone-2.3.4/src/comm_mpi.f:730.29:

            call crecv(itest,y,1)           ! Initiate send, to synch.  
                             1
Warning: Type mismatch in argument 'buf' at (1); passed REAL(8) to REAL(4)
/home/hadi/Downloads/Coral/nekbone-2.3.4/src/comm_mpi.f:731.29:

            call csend(itest,x,1,nodea,0)                               
                             1
Warning: Type mismatch in argument 'buf' at (1); passed REAL(8) to REAL(4)
mpif90  -c  -O3      -DTIMERS -DPTRSIZE8 -DMPI -DLONGINT8 -DUNDERSCORE -DGLOBAL_LONG_LONG -I/home/hadi/Downloads/Coral/nekbone-2.3.4/test/example1 -I/home/hadi/Downloads/Coral/nekbone-2.3.4/src -I./ /home/hadi/Downloads/Coral/nekbone-2.3.4/src/blas.f -o obj/blas.o
mpicc  -c  -O3 -DTIMERS -DPTRSIZE8 -DMPI -DLONGINT8 -DUNDERSCORE -DGLOBAL_LONG_LONG  -DPREFIX=jl_ /home/hadi/Downloads/Coral/nekbone-2.3.4/src/jl/gs.c -o obj/jl_gs.o
mpicc  -c  -O3 -DTIMERS -DPTRSIZE8 -DMPI -DLONGINT8 -DUNDERSCORE -DGLOBAL_LONG_LONG  -DPREFIX=jl_ /home/hadi/Downloads/Coral/nekbone-2.3.4/src/jl/sort.c -o obj/jl_sort.o
/home/hadi/Downloads/Coral/nekbone-2.3.4/src/blas.f:9764.15:

      GO TO IGO,(120,150,180,210)                                       
               1
Warning: Deleted feature: Assigned GOTO statement at (1)
/home/hadi/Downloads/Coral/nekbone-2.3.4/src/blas.f:9770.72:

               ASSIGN 120 TO IGO                                        
                                                                        1
Warning: Deleted feature: ASSIGN statement at (1)
/home/hadi/Downloads/Coral/nekbone-2.3.4/src/blas.f:9782.72:

               ASSIGN 150 TO IGO                                        
                                                                        1
Warning: Deleted feature: ASSIGN statement at (1)
/home/hadi/Downloads/Coral/nekbone-2.3.4/src/blas.f:9795.72:

               ASSIGN 180 TO IGO                                        
                                                                        1
Warning: Deleted feature: ASSIGN statement at (1)
/home/hadi/Downloads/Coral/nekbone-2.3.4/src/blas.f:9806.72:

               ASSIGN 210 TO IGO                                        
                                                                        1
Warning: Deleted feature: ASSIGN statement at (1)
/home/hadi/Downloads/Coral/nekbone-2.3.4/src/blas.f:17277.15:

      GO TO IGO,(120,150,180,210)                                       
               1
Warning: Deleted feature: Assigned GOTO statement at (1)
/home/hadi/Downloads/Coral/nekbone-2.3.4/src/blas.f:17283.72:

               ASSIGN 120 TO IGO                                        
                                                                        1
Warning: Deleted feature: ASSIGN statement at (1)
/home/hadi/Downloads/Coral/nekbone-2.3.4/src/blas.f:17295.72:

               ASSIGN 150 TO IGO                                        
                                                                        1
Warning: Deleted feature: ASSIGN statement at (1)
/home/hadi/Downloads/Coral/nekbone-2.3.4/src/blas.f:17308.72:

               ASSIGN 180 TO IGO                                        
                                                                        1
Warning: Deleted feature: ASSIGN statement at (1)
/home/hadi/Downloads/Coral/nekbone-2.3.4/src/blas.f:17319.72:

               ASSIGN 210 TO IGO                                        
                                                                        1
Warning: Deleted feature: ASSIGN statement at (1)
mpicc  -c  -O3 -DTIMERS -DPTRSIZE8 -DMPI -DLONGINT8 -DUNDERSCORE -DGLOBAL_LONG_LONG  -DPREFIX=jl_ /home/hadi/Downloads/Coral/nekbone-2.3.4/src/jl/sarray_transfer.c -o obj/jl_sarray_transfer.o
mpicc  -c  -O3 -DTIMERS -DPTRSIZE8 -DMPI -DLONGINT8 -DUNDERSCORE -DGLOBAL_LONG_LONG  -DPREFIX=jl_ /home/hadi/Downloads/Coral/nekbone-2.3.4/src/jl/sarray_sort.c -o obj/jl_sarray_sort.o
mpicc  -c  -O3 -DTIMERS -DPTRSIZE8 -DMPI -DLONGINT8 -DUNDERSCORE -DGLOBAL_LONG_LONG  -DPREFIX=jl_ /home/hadi/Downloads/Coral/nekbone-2.3.4/src/jl/gs_local.c -o obj/jl_gs_local.o
mpicc  -c  -O3 -DTIMERS -DPTRSIZE8 -DMPI -DLONGINT8 -DUNDERSCORE -DGLOBAL_LONG_LONG  -DPREFIX=jl_ /home/hadi/Downloads/Coral/nekbone-2.3.4/src/jl/crystal.c -o obj/jl_crystal.o
mpicc  -c  -O3 -DTIMERS -DPTRSIZE8 -DMPI -DLONGINT8 -DUNDERSCORE -DGLOBAL_LONG_LONG  -DPREFIX=jl_ /home/hadi/Downloads/Coral/nekbone-2.3.4/src/jl/comm.c -o obj/jl_comm.o
mpicc  -c  -O3 -DTIMERS -DPTRSIZE8 -DMPI -DLONGINT8 -DUNDERSCORE -DGLOBAL_LONG_LONG  -DPREFIX=jl_ /home/hadi/Downloads/Coral/nekbone-2.3.4/src/jl/tensor.c -o obj/jl_tensor.o
mpicc  -c  -O3 -DTIMERS -DPTRSIZE8 -DMPI -DLONGINT8 -DUNDERSCORE -DGLOBAL_LONG_LONG  -DPREFIX=jl_ /home/hadi/Downloads/Coral/nekbone-2.3.4/src/jl/fail.c -o obj/jl_fail.o
mpicc  -c  -O3 -DTIMERS -DPTRSIZE8 -DMPI -DLONGINT8 -DUNDERSCORE -DGLOBAL_LONG_LONG  -DPREFIX=jl_ /home/hadi/Downloads/Coral/nekbone-2.3.4/src/jl/fcrystal.c -o obj/jl_fcrystal.o
mpif90  -o nekbone  obj/cg.o obj/driver.o obj/math.o obj/omp.o obj/mxm_wrapper.o obj/prox_dssum.o obj/prox_setup.o obj/semhat.o obj/speclib.o obj/comm_mpi.o obj/mxm_std.o obj/blas.o obj/jl_gs.o obj/jl_sort.o obj/jl_sarray_transfer.o obj/jl_sarray_sort.o obj/jl_gs_local.o obj/jl_crystal.o obj/jl_comm.o obj/jl_tensor.o obj/jl_fail.o obj/jl_fcrystal.o 
#############################################################
#                  Compilation successful!                  #
#############################################################
   text	   data	    bss	    dec	    hex	filename
 955238	   1200	231032672	231989110	dd3df76	nekbone

