 number of MPI processes:            4
 (t_initf) Read in prof_inparm namelist from: input.nl
 (t_initf) Using profile_disable= F  profile_timer=          14
 (t_initf)  profile_depth_limit=       99999  profile_detail_limit=           1
 (t_initf)  profile_barrier= F  profile_outpe_num=          -1
 (t_initf)  profile_outpe_stride=           1  profile_single_file= T
 (t_initf)  profile_global_stats= T  profile_papi_enable= F
 reading ctl namelist...
 reading filter namelist...
 reading analysis namelist...
 common_movie_mod.F90         209           8 ps   geop u    v    lonp latp 
 time zeta 
 done reading namelist...
 readnl: accum         =           90         300         600
 readnl: topology      = cube
 readnl: test_case     = swtc5
 readnl: sub_case      =            1
 readnl: ndays         =            1
 readnl: nmax          =        14400
 readnl: qsize,qsize_d =            4           4
 readnl: NThreads      =            1
 readnl: ne,np,nv      =            2           8           8
 readnl: partmethod    =            4
 readnl: nmpi_per_node =            4
 readnl: multilevel    =            1
 readnl: useframes     =            0
 readnl: nnodes        =            1
 readnl: npart         =            4
 
 readnl: integration   = explicit
 readnl: tracer_advection_formulation  =            0
 readnl: tstep_type    =            0
 readnl: tstep         =    6.00000000000000     
 readnl: ftype         =            0
 readnl: energy_fixer  =            0
 readnl: runtype       =            0
 filter: smooth        =   0.000000000000000E+000
 limiter_option        =           -1
 weak form hyper viscsosity subcycle, tracer subcycle =            1           1
 viscosity:  nu        =   0.000000000000000E+000
 viscosity:  nu_s      =   0.000000000000000E+000
 viscosity:  nu_q      =   0.000000000000000E+000
 viscosity:  nu_p      =   0.000000000000000E+000
 viscosity:  nu_top      =   0.000000000000000E+000
   analysis: output_prefix = 
   analysis: io_stride =            1
   analysis: num_io_procs =            4
   analysis stream     :           1
   analysis : start_time           0
   analysis : end_time         14400
   analysis : frequency        14400
   analysis : variables   ps  geop  u  v  lonp  latp  time  zeta  
                  
          
  analysis interp nlat =           48
  analysis interp nlon =           96
  analysis interp gridtype =            2
  analysis interpolation type =            0
 
  total simulated time =    86400.0000000000     
 
 
 ============================================
         Testing Gaussian Quadrature...
 
           points              weights
 ============================================
           1 -0.960289856497536       0.101228536290376     
           2 -0.796666477413627       0.222381034453374     
           3 -0.525532409916329       0.313706645877887     
           4 -0.183434642495650       0.362683783378362     
           5  0.183434642495650       0.362683783378362     
           6  0.525532409916329       0.313706645877887     
           7  0.796666477413627       0.222381034453374     
           8  0.960289856497536       0.101228536290376     
 ============================================
 sum of Gaussian weights=   2.00000000000000     
 ============================================
 
 ============================================
       Testing Gauss-Lobatto Quadrature...
 
           points              weights
 ============================================
           1  -1.00000000000000       3.571428571428571E-002
           2 -0.871740148509607       0.210704227143506     
           3 -0.591700181433142       0.341122692483504     
           4 -0.209299217902479       0.412458794658704     
           5  0.209299217902479       0.412458794658704     
           6  0.591700181433142       0.341122692483504     
           7  0.871740148509607       0.210704227143506     
           8   1.00000000000000       3.571428571428571E-002
 ============================================
 sum of Gauss-Lobatto weights=   2.00000000000000     
 ============================================
 creating cube topology...
 ...done.
 partitioning graph...
 ...done.
 initializing cube elements...
 ...done.
 allocating state variables...
 number of elements=           6
 Main:NThreads=           1
process:  0 thread:  0 element limits:    1   6
 
 Running Global Integral Diagnostic...
 Area of unit sphere is  0.999999999999724     
 Should be 1.0 to round off...
Element area:  max/min  1.000
Equatorial grid spacing: ave,min,max (km) =   715.39  321.14 1048.11 (T  18)
gravity wave dt:  (global min_dx/pi)    /342m/s:     275.38s
gravity wave dt:  (equatorial min_dx/pi)/342m/s:     298.90s
 transfer function type in homme=bv      
 filter type            in homme=taylor  
Tv(:) =   1.000000  1.000000  1.000000  1.000000  1.000000  0.995701  0.106647  0.000000
 runtype: INITIAL of Shallow Water equations
 initializing swtc5...
process:  1 thread:  0 element limits:    1   6
process:  2 thread:  0 element limits:    1   6
process:  3 thread:  0 element limits:    1   6
 
  0.000000000000000E+000 mass          =  0.000000000000000E+000
  0.000000000000000E+000 total energy  =  0.000000000000000E+000
  0.000000000000000E+000 pot enstrophy =  0.000000000000000E+000
  0.000000000000000E+000 vorticity     = -8.088568831033113E-022
  0.000000000000000E+000 divergence    =  2.856882476200827E-023
  0.000000000000000E+000 RMS divergence=  1.780631598817408E-011
Initializing   48 x   96 lat-lon interpolation grid: 
 finished latitude            1  of           48
Average number of interpolation points per element:    192.0
Maximum number of interpolation points on any element:    316
 Opening file 
 ./movies/swtc51.nc                                                             
  
 writing coordinates to ios=           1
lat/lon interp movie output: ios=   1 interpolation type=0
  u=   -0.200000000000000E+02   0.200000000000000E+02   0.204800000000000E+05
  v=   -0.200000000000000E+02   0.200000000000000E+02  -0.113686837721616E-12
  p=    0.403656108167925E+04   0.228356486419098E+05   0.892850808447871E+07
 sqrt(g(h0+max(h)) =    285.097110195649     
 
  u=   -0.200000000000000E+02   0.200000000310315E+02   0.204800000000000E+05
  v=   -0.200000000000000E+02   0.200000000000000E+02  -0.568434188608080E-12
  p=    0.403656108167925E+04   0.228356488618564E+05   0.892850808447871E+07
 sqrt(g(h0+max(h)) =    285.097110581388     
 
M-M0/M0      =-0.4855E-15 dM/dt   /M  = -0.809196E-16
ENS-ENS0/ENS0= 0.1204E-11 dENS/dt /ENS=  0.200749E-12
E-E0/E0      = 0.1101E-11 dE/dt   /E  =  0.183555E-12  (-0.6183E-18, 0.1836E-12)
                       Dissipation/E  =  0.000000E+00
 
  0.100000000000000      mass          = -3.236783398065800E-016
  0.100000000000000      total energy  =  1.215680785989047E-014
  0.100000000000000      pot enstrophy = -2.664709231943577E-008
  0.100000000000000      vorticity     = -6.740474025860928E-022
  0.100000000000000      divergence    = -7.043268757491399E-024
  0.100000000000000      RMS divergence=  6.421690783294548E-007
        1440 time=  0.100000000000000       days
  u=   -0.199984533512854E+02   0.255139928268807E+02   0.205348272011593E+05
  v=   -0.227697953886544E+02   0.200611607568201E+02  -0.380963723570200E+02
  p=    0.402821309113540E+04   0.228435401846387E+05   0.892852165701527E+07
 sqrt(g(h0+max(h)) =    285.110949955695     
 
M-M0/M0      =-0.3237E-15 dM/dt   /M  =  0.187444E-19
ENS-ENS0/ENS0=-0.2665E-07 dENS/dt /ENS= -0.308644E-11
E-E0/E0      = 0.1121E-13 dE/dt   /E  = -0.126245E-15  (-0.9402E-10, 0.9402E-10)
                       Dissipation/E  =  0.000000E+00
 
  0.200000000000000      mass          = -3.236783398065800E-016
  0.200000000000000      total energy  =  1.044725675459337E-014
  0.200000000000000      pot enstrophy = -8.595596500336423E-008
  0.200000000000000      vorticity     =  0.000000000000000E+000
  0.200000000000000      divergence    = -1.137454991864031E-022
  0.200000000000000      RMS divergence=  4.082733975677598E-007
        2880 time=  0.200000000000000       days
  u=   -0.200314951157649E+02   0.235959185576763E+02   0.204827728577959E+05
  v=   -0.229518462678866E+02   0.200339886993295E+02  -0.600504087331838E+02
  p=    0.403696406915457E+04   0.228549601897574E+05   0.892848914578117E+07
 sqrt(g(h0+max(h)) =    285.130976552456     
 
M-M0/M0      =-0.3237E-15 dM/dt   /M  =  0.000000E+00
ENS-ENS0/ENS0=-0.8596E-07 dENS/dt /ENS= -0.686445E-11
E-E0/E0      = 0.1007E-13 dE/dt   /E  = -0.134314E-18  ( 0.2097E-09,-0.2097E-09)
                       Dissipation/E  =  0.000000E+00
 
  0.300000000000000      mass          = -8.091958495164500E-016
  0.300000000000000      total energy  =  9.117605894917851E-015
  0.300000000000000      pot enstrophy = -1.781890616979097E-007
  0.300000000000000      vorticity     =  8.088568831033113E-022
  0.300000000000000      divergence    = -6.635154119206851E-023
  0.300000000000000      RMS divergence=  4.462936637758798E-007
        4320 time=  0.300000000000000       days
  u=   -0.200157732178564E+02   0.235779479129551E+02   0.204802368405028E+05
  v=   -0.229632177081598E+02   0.199836647008049E+02  -0.821358115655034E+02
  p=    0.404228966573038E+04   0.228487625036283E+05   0.892864091965767E+07
 sqrt(g(h0+max(h)) =    285.120108206398     
 
M-M0/M0      =-0.8092E-15 dM/dt   /M  = -0.561942E-19
ENS-ENS0/ENS0=-0.1782E-06 dENS/dt /ENS= -0.106751E-10
E-E0/E0      = 0.9118E-14 dE/dt   /E  = -0.107606E-18  ( 0.1963E-09,-0.1963E-09)
                       Dissipation/E  =  0.000000E+00
 
  0.400000000000000      mass          = -6.473566796131600E-016
  0.400000000000000      total energy  =  8.927655772107062E-015
  0.400000000000000      pot enstrophy = -2.732989827704666E-007
  0.400000000000000      vorticity     =  2.696189610344371E-022
  0.400000000000000      divergence    =  1.708157236045811E-023
  0.400000000000000      RMS divergence=  4.481336039137249E-007
        5760 time=  0.400000000000000       days
  u=   -0.200159857283733E+02   0.242623210227595E+02   0.204704410515307E+05
  v=   -0.236392679856694E+02   0.202702445628835E+02  -0.737129370648015E+02
  p=    0.403942575599307E+04   0.228429128216795E+05   0.892872827880556E+07
 sqrt(g(h0+max(h)) =    285.109849745110     
 
M-M0/M0      =-0.6474E-15 dM/dt   /M  =  0.187314E-19
ENS-ENS0/ENS0=-0.2733E-06 dENS/dt /ENS= -0.110081E-10
E-E0/E0      = 0.8738E-14 dE/dt   /E  = -0.503250E-19  ( 0.8885E-10,-0.8885E-10)
                       Dissipation/E  =  0.000000E+00
 
  0.500000000000000      mass          = -6.473566796131600E-016
  0.500000000000000      total energy  =  1.044725675459337E-014
  0.500000000000000      pot enstrophy = -2.905626109120799E-007
  0.500000000000000      vorticity     = -5.392379220688742E-022
  0.500000000000000      divergence    =  9.083841948914141E-024
  0.500000000000000      RMS divergence=  4.475944527308601E-007
        7200 time=  0.500000000000000       days
  u=   -0.206277373284412E+02   0.250471736234610E+02   0.204385724787522E+05
  v=   -0.244360572244232E+02   0.202940812078001E+02  -0.802828147515034E+02
  p=    0.403697955500645E+04   0.228440010180004E+05   0.892883564968864E+07
 sqrt(g(h0+max(h)) =    285.111758119514     
 
M-M0/M0      =-0.6474E-15 dM/dt   /M  =  0.000000E+00
ENS-ENS0/ENS0=-0.2906E-06 dENS/dt /ENS= -0.199811E-11
E-E0/E0      = 0.1007E-13 dE/dt   /E  =  0.154839E-18  ( 0.4141E-10,-0.4141E-10)
                       Dissipation/E  =  0.000000E+00
 
  0.600000000000000      mass          = -4.855175097098700E-016
  0.600000000000000      total energy  =  1.215680785989047E-014
  0.600000000000000      pot enstrophy = -2.344237484979549E-007
  0.600000000000000      vorticity     = -2.696189610344371E-022
  0.600000000000000      divergence    = -1.184848949858366E-023
  0.600000000000000      RMS divergence=  4.465654988694200E-007
        8640 time=  0.600000000000000       days
  u=   -0.198421603640828E+02   0.256962604698591E+02   0.204392490794756E+05
  v=   -0.250989446065179E+02   0.200594956669450E+02  -0.104576440785805E+03
  p=    0.403752206826918E+04   0.228447738276131E+05   0.892903012914687E+07
 sqrt(g(h0+max(h)) =    285.113113391182     
 
M-M0/M0      =-0.4855E-15 dM/dt   /M  =  0.187314E-19
ENS-ENS0/ENS0=-0.2344E-06 dENS/dt /ENS=  0.649756E-11
E-E0/E0      = 0.1235E-13 dE/dt   /E  =  0.256005E-18  ( 0.1510E-09,-0.1510E-09)
                       Dissipation/E  =  0.000000E+00
 
  0.700000000000000      mass          = -6.473566796131600E-016
  0.700000000000000      total energy  =  1.462615945643072E-014
  0.700000000000000      pot enstrophy = -1.237333474654371E-007
  0.700000000000000      vorticity     =  1.482904285689404E-021
  0.700000000000000      divergence    = -9.320811738885814E-023
  0.700000000000000      RMS divergence=  4.471153051589171E-007
       10080 time=  0.700000000000000       days
  u=   -0.209435121325929E+02   0.263393876499010E+02   0.204152008256745E+05
  v=   -0.257364135766938E+02   0.201730459314698E+02  -0.141322120577239E+03
  p=    0.403257914432916E+04   0.228429956123798E+05   0.892893811692416E+07
 sqrt(g(h0+max(h)) =    285.109994935954     
 
M-M0/M0      =-0.6474E-15 dM/dt   /M  = -0.187314E-19
ENS-ENS0/ENS0=-0.1237E-06 dENS/dt /ENS=  0.128114E-10
E-E0/E0      = 0.1482E-13 dE/dt   /E  =  0.287780E-18  ( 0.3356E-09,-0.3356E-09)
                       Dissipation/E  =  0.000000E+00
 
  0.800000000000000      mass          = -4.855175097098700E-016
  0.800000000000000      total energy  =  1.804526166702491E-014
  0.800000000000000      pot enstrophy = -1.549227119791397E-008
  0.800000000000000      vorticity     =  1.348094805172186E-022
  0.800000000000000      divergence    = -2.238048016399136E-023
  0.800000000000000      RMS divergence=  4.480923626679903E-007
       11520 time=  0.800000000000000       days
  u=   -0.201615385476564E+02   0.267878178941581E+02   0.204283703022448E+05
  v=   -0.261815656086377E+02   0.202192968549166E+02  -0.150799220495523E+03
  p=    0.403249959290123E+04   0.228423670533295E+05   0.892934857791504E+07
 sqrt(g(h0+max(h)) =    285.108892624081     
 
M-M0/M0      =-0.4855E-15 dM/dt   /M  =  0.187314E-19
ENS-ENS0/ENS0=-0.1549E-07 dENS/dt /ENS=  0.125279E-10
E-E0/E0      = 0.1824E-13 dE/dt   /E  =  0.391264E-18  ( 0.4098E-09,-0.4098E-09)
                       Dissipation/E  =  0.000000E+00
 
  0.900000000000000      mass          = -4.855175097098700E-016
  0.900000000000000      total energy  =  2.317391498291620E-014
  0.900000000000000      pot enstrophy =  1.648612879608375E-007
  0.900000000000000      vorticity     =  0.000000000000000E+000
  0.900000000000000      divergence    =  6.529834212552774E-023
  0.900000000000000      RMS divergence=  4.528563427646468E-007
       12960 time=  0.900000000000000       days
  u=   -0.201634204940801E+02   0.272512302204416E+02   0.203975878508453E+05
  v=   -0.266117207881135E+02   0.201672334260328E+02  -0.175517450432834E+03
  p=    0.403359109259945E+04   0.228425770936733E+05   0.892913945462531E+07
 sqrt(g(h0+max(h)) =    285.109260974934     
 
M-M0/M0      =-0.4855E-15 dM/dt   /M  =  0.000000E+00
ENS-ENS0/ENS0= 0.1649E-06 dENS/dt /ENS=  0.208743E-10
E-E0/E0      = 0.2222E-13 dE/dt   /E  =  0.462973E-18  ( 0.3192E-09,-0.3192E-09)
                       Dissipation/E  =  0.000000E+00
lat/lon interp movie output: ios=   1 interpolation type=0
 
   1.00000000000000      mass          = -3.236783398065800E-016
   1.00000000000000      total energy  =  3.115182014096932E-014
   1.00000000000000      pot enstrophy =  4.946627375942609E-007
   1.00000000000000      vorticity     =  6.740474025860928E-022
   1.00000000000000      divergence    = -5.371315239357927E-023
   1.00000000000000      RMS divergence=  4.769074805051028E-007
       14400 time=   1.00000000000000       days
  u=   -0.202526063447112E+02   0.275214573726976E+02   0.203712409020712E+05
  v=   -0.268374767636453E+02   0.201152920821640E+02  -0.194778032574925E+03
  p=    0.403535497500811E+04   0.228450805783045E+05   0.892983667299679E+07
 sqrt(g(h0+max(h)) =    285.113651336278     
 
M-M0/M0      =-0.3237E-15 dM/dt   /M  =  0.187314E-19
ENS-ENS0/ENS0= 0.4947E-06 dENS/dt /ENS=  0.381714E-10
E-E0/E0      = 0.3153E-13 dE/dt   /E  =  0.107632E-17  ( 0.2050E-09,-0.2050E-09)
                       Dissipation/E  =  0.000000E+00
 exiting program...
