 number of MPI processes:            4
 (t_initf) Read in prof_inparm namelist from: input.nl
 (t_initf) Using profile_disable= F  profile_timer=          14
 (t_initf)  profile_depth_limit=       99999  profile_detail_limit=           1
 (t_initf)  profile_barrier= F  profile_outpe_num=          -1
 (t_initf)  profile_outpe_stride=           1  profile_single_file= T
 (t_initf)  profile_global_stats= T  profile_papi_enable= F
 reading ctl namelist...
 reading filter namelist...
 reading analysis namelist...
 common_movie_mod.F90         209           8 ps   geop u    v    lonp latp 
 time zeta 
 done reading namelist...
 readnl: accum         =           90         300         600
 readnl: topology      = cube
 readnl: test_case     = swtc5
 readnl: sub_case      =            1
 readnl: ndays         =           15
 readnl: nmax          =        10800
 readnl: qsize,qsize_d =            4           4
 readnl: NThreads      =            1
 readnl: ne,np,nv      =            5           8           8
 readnl: partmethod    =            4
 readnl: nmpi_per_node =            4
 readnl: multilevel    =            1
 readnl: useframes     =            0
 readnl: nnodes        =            1
 readnl: npart         =            4
 
 readnl: integration   = explicit
 readnl: tracer_advection_formulation  =            0
 readnl: tstep_type    =            0
 readnl: tstep         =    120.000000000000     
 readnl: ftype         =            0
 readnl: energy_fixer  =            0
 readnl: runtype       =            0
 filter: smooth        =   0.000000000000000E+000
 limiter_option        =           -1
 weak form hyper viscsosity subcycle, tracer subcycle =            1           1
 viscosity:  nu        =   1.000000000000000E+015
 viscosity:  nu_s      =   1.000000000000000E+015
 viscosity:  nu_q      =   1.000000000000000E+015
 viscosity:  nu_p      =   0.000000000000000E+000
 viscosity:  nu_top      =   0.000000000000000E+000
   analysis: output_prefix = 
   analysis: io_stride =            1
   analysis: num_io_procs =            4
   analysis stream     :           1
   analysis : start_time           0
   analysis : end_time         10800
   analysis : frequency         3600
   analysis : variables   ps  geop  u  v  lonp  latp  time  zeta  
                  
          
  analysis interp nlat =           96
  analysis interp nlon =          192
  analysis interp gridtype =            2
  analysis interpolation type =            0
 
  total simulated time =    1296000.00000000     
 
 
 ============================================
         Testing Gaussian Quadrature...
 
           points              weights
 ============================================
           1 -0.960289856497536       0.101228536290376     
           2 -0.796666477413627       0.222381034453374     
           3 -0.525532409916329       0.313706645877887     
           4 -0.183434642495650       0.362683783378362     
           5  0.183434642495650       0.362683783378362     
           6  0.525532409916329       0.313706645877887     
           7  0.796666477413627       0.222381034453374     
           8  0.960289856497536       0.101228536290376     
 ============================================
 sum of Gaussian weights=   2.00000000000000     
 ============================================
 
 ============================================
       Testing Gauss-Lobatto Quadrature...
 
           points              weights
 ============================================
           1  -1.00000000000000       3.571428571428571E-002
           2 -0.871740148509607       0.210704227143506     
           3 -0.591700181433142       0.341122692483504     
           4 -0.209299217902479       0.412458794658704     
           5  0.209299217902479       0.412458794658704     
           6  0.591700181433142       0.341122692483504     
           7  0.871740148509607       0.210704227143506     
           8   1.00000000000000       3.571428571428571E-002
 ============================================
 sum of Gauss-Lobatto weights=   2.00000000000000     
 ============================================
 creating cube topology...
 ...done.
 partitioning graph...
 ...done.
 initializing cube elements...
 ...done.
 allocating state variables...
 number of elements=          38
 Main:NThreads=           1
process:  0 thread:  0 element limits:    1  38
 
 Running Global Integral Diagnostic...
 Area of unit sphere is  0.999999999999997     
 Should be 1.0 to round off...
Element area:  max/min  1.262
Equatorial grid spacing: ave,min,max (km) =   286.15  128.46  419.24 (T  46)
gravity wave dt:  (global min_dx/pi)    /342m/s:     106.00s
gravity wave dt:  (equatorial min_dx/pi)/342m/s:     119.56s
hyper viscosity dt: (min_dx/pi)**4/nu:      1727.26s
 transfer function type in homme=bv      
 filter type            in homme=taylor  
Tv(:) =   1.000000  1.000000  1.000000  1.000000  1.000000  0.995701  0.106647  0.000000
 runtype: INITIAL of Shallow Water equations
 initializing swtc5...
process:  1 thread:  0 element limits:    1  38
process:  2 thread:  0 element limits:    1  37
process:  3 thread:  0 element limits:    1  37
 
  0.000000000000000E+000 mass          =  0.000000000000000E+000
  0.000000000000000E+000 total energy  =  0.000000000000000E+000
  0.000000000000000E+000 pot enstrophy =  0.000000000000000E+000
  0.000000000000000E+000 vorticity     =  3.235427532413245E-021
  0.000000000000000E+000 divergence    = -2.569352461107397E-023
  0.000000000000000E+000 RMS divergence=  5.421924297929306E-014
Initializing   96 x  192 lat-lon interpolation grid: 
 finished latitude            1  of           96
 finished latitude           65  of           96
Average number of interpolation points per element:    122.9
Maximum number of interpolation points on any element:   1016
 Opening file 
 ./movies/swtc51.nc                                                             
  
 writing coordinates to ios=           1
lat/lon interp movie output: ios=   1 interpolation type=0
  u=   -0.199783903126978E+02   0.200000000000000E+02   0.128000000000000E+06
  v=   -0.199783903126977E+02   0.199783903126977E+02  -0.738964445190504E-12
  p=    0.411582214196541E+04   0.228553036808644E+05   0.555848811856209E+08
 sqrt(g(h0+max(h)) =    285.131578890982     
 
  u=   -0.199783905630934E+02   0.200000028564068E+02   0.128000000559823E+06
  v=   -0.199783905630934E+02   0.199783905630934E+02   0.335376171278767E-11
  p=    0.411531747165523E+04   0.228558187308701E+05   0.555848811856209E+08
 sqrt(g(h0+max(h)) =    285.132482069073     
 
M-M0/M0      =-0.2751E-14 dM/dt   /M  = -0.229273E-16
ENS-ENS0/ENS0= 0.4201E-09 dENS/dt /ENS=  0.350117E-11
E-E0/E0      = 0.4572E-09 dE/dt   /E  =  0.380970E-11  (-0.1275E-13, 0.3822E-11)
                       Dissipation/E  = -0.139978E-12
 
  0.500000000000000      mass          = -1.780240008549337E-015
  0.500000000000000      total energy  = -1.270588349573034E-008
  0.500000000000000      pot enstrophy = -2.156166108530605E-007
  0.500000000000000      vorticity     = -6.740474025860928E-022
  0.500000000000000      divergence    = -3.120102234627031E-023
  0.500000000000000      RMS divergence=  4.580274214978739E-007
         360 time=  0.500000000000000       days
  u=   -0.204526768422430E+02   0.249243081274597E+02   0.127724499663847E+06
  v=   -0.243337255932637E+02   0.201411319518633E+02   0.265172956308766E+02
  p=    0.410644159974612E+04   0.228916953466322E+05   0.555852461055619E+08
 sqrt(g(h0+max(h)) =    285.195387316542     
 
M-M0/M0      =-0.1780E-14 dM/dt   /M  =  0.225404E-19
ENS-ENS0/ENS0=-0.2156E-06 dENS/dt /ENS= -0.501478E-11
E-E0/E0      =-0.1271E-07 dE/dt   /E  = -0.305549E-12  ( 0.8916E-10,-0.8947E-10)
                       Dissipation/E  = -0.404368E-12
 
   1.00000000000000      mass          = -1.942080009326549E-015
   1.00000000000000      total energy  = -3.728280432447956E-008
   1.00000000000000      pot enstrophy = -7.829695681544779E-007
   1.00000000000000      vorticity     =  2.291761168792715E-021
   1.00000000000000      divergence    =  6.319194399244620E-024
   1.00000000000000      RMS divergence=  4.826268499264007E-007
         720 time=   1.00000000000000       days
  u=   -0.202310066237536E+02   0.274206180335080E+02   0.127213280930688E+06
  v=   -0.266224170212851E+02   0.199746742909551E+02  -0.250895040883001E+03
  p=    0.410317496662768E+04   0.229133425881585E+05   0.555858393046207E+08
 sqrt(g(h0+max(h)) =    285.233336389978     
 
M-M0/M0      =-0.1942E-14 dM/dt   /M  = -0.374630E-20
ENS-ENS0/ENS0=-0.7830E-06 dENS/dt /ENS= -0.131332E-10
E-E0/E0      =-0.3728E-07 dE/dt   /E  = -0.568910E-12  ( 0.2858E-09,-0.2864E-09)
                       Dissipation/E  = -0.775504E-12
 
   1.50000000000000      mass          = -1.780240008549337E-015
   1.50000000000000      total energy  = -8.133981940875730E-008
   1.50000000000000      pot enstrophy = -1.875474135240512E-006
   1.50000000000000      vorticity     = -2.156951688275497E-021
   1.50000000000000      divergence    = -1.316498833175962E-023
   1.50000000000000      RMS divergence=  4.500395787217934E-007
        1080 time=   1.50000000000000       days
  u=   -0.203845129704121E+02   0.316620026348654E+02   0.126486234696747E+06
  v=   -0.275262851172883E+02   0.237397459746632E+02  -0.455146547684363E+03
  p=    0.410355850495043E+04   0.229241961080996E+05   0.555862826044324E+08
 sqrt(g(h0+max(h)) =    285.252361441758     
 
M-M0/M0      =-0.1780E-14 dM/dt   /M  =  0.374630E-20
ENS-ENS0/ENS0=-0.1875E-05 dENS/dt /ENS= -0.252895E-10
E-E0/E0      =-0.8134E-07 dE/dt   /E  = -0.101984E-11  ( 0.3199E-09,-0.3209E-09)
                       Dissipation/E  = -0.120388E-11
 
   2.00000000000000      mass          = -1.294720006217699E-015
   2.00000000000000      total energy  = -1.398819248351985E-007
   2.00000000000000      pot enstrophy = -3.306787299124815E-006
   2.00000000000000      vorticity     =  8.088568831033113E-022
   2.00000000000000      divergence    =  3.949496499527887E-023
   2.00000000000000      RMS divergence=  4.532834843167267E-007
        1440 time=   2.00000000000000       days
  u=   -0.202559890238387E+02   0.337594296917799E+02   0.125706600529500E+06
  v=   -0.277699889172050E+02   0.291720734357658E+02  -0.576826321195097E+03
  p=    0.408228230276887E+04   0.229249314535744E+05   0.555864077888054E+08
 sqrt(g(h0+max(h)) =    285.253650377299     
 
M-M0/M0      =-0.1295E-14 dM/dt   /M  =  0.112389E-19
ENS-ENS0/ENS0=-0.3307E-05 dENS/dt /ENS= -0.331324E-10
E-E0/E0      =-0.1399E-06 dE/dt   /E  = -0.135514E-11  ( 0.3011E-09,-0.3025E-09)
                       Dissipation/E  = -0.152569E-11
 
   2.50000000000000      mass          = -1.780240008549337E-015
   2.50000000000000      total energy  = -2.095156680233193E-007
   2.50000000000000      pot enstrophy = -5.165470635008493E-006
   2.50000000000000      vorticity     =  1.887332727241060E-021
   2.50000000000000      divergence    = -5.529295099339043E-024
   2.50000000000000      RMS divergence=  4.535864636074487E-007
        1800 time=   2.50000000000000       days
  u=   -0.203647469415760E+02   0.356692117280826E+02   0.125021750005932E+06
  v=   -0.286290197343866E+02   0.337188661131560E+02  -0.790193489359169E+03
  p=    0.409055949949867E+04   0.229219461091197E+05   0.555870818920615E+08
 sqrt(g(h0+max(h)) =    285.248417540080     
 
M-M0/M0      =-0.1780E-14 dM/dt   /M  = -0.112389E-19
ENS-ENS0/ENS0=-0.5165E-05 dENS/dt /ENS= -0.430253E-10
E-E0/E0      =-0.2095E-06 dE/dt   /E  = -0.161189E-11  ( 0.2109E-09,-0.2125E-09)
                       Dissipation/E  = -0.168170E-11
 
   3.00000000000000      mass          = -9.710400046632746E-016
   3.00000000000000      total energy  = -2.866533940890153E-007
   3.00000000000000      pot enstrophy = -7.077276355965170E-006
   3.00000000000000      vorticity     = -1.617713766206623E-021
   3.00000000000000      divergence    = -4.160136312836042E-023
   3.00000000000000      RMS divergence=  4.016649605572523E-007
        2160 time=   3.00000000000000       days
  u=   -0.207689223924242E+02   0.355859631940164E+02   0.124356226849525E+06
  v=   -0.285523918753954E+02   0.362294332058028E+02  -0.786490461922223E+03
  p=    0.409496899685955E+04   0.229240646523257E+05   0.555888286801702E+08
 sqrt(g(h0+max(h)) =    285.252131021533     
 
M-M0/M0      =-0.9710E-15 dM/dt   /M  =  0.187315E-19
ENS-ENS0/ENS0=-0.7077E-05 dENS/dt /ENS= -0.442551E-10
E-E0/E0      =-0.2867E-06 dE/dt   /E  = -0.178560E-11  ( 0.2217E-09,-0.2235E-09)
                       Dissipation/E  = -0.189415E-11
 
   3.50000000000000      mass          = -9.710400046632746E-016
   3.50000000000000      total energy  = -3.728559621896393E-007
   3.50000000000000      pot enstrophy = -8.990882694364694E-006
   3.50000000000000      vorticity     =  2.696189610344371E-022
   3.50000000000000      divergence    =  3.580876826238618E-023
   3.50000000000000      RMS divergence=  4.171452872707940E-007
        2520 time=   3.50000000000000       days
  u=   -0.205891931549874E+02   0.354007731810380E+02   0.123702228779739E+06
  v=   -0.288690342992732E+02   0.358583601620509E+02  -0.366794772102803E+03
  p=    0.408785098104100E+04   0.229203607220086E+05   0.555894787522050E+08
 sqrt(g(h0+max(h)) =    285.245638567899     
 
M-M0/M0      =-0.9710E-15 dM/dt   /M  =  0.000000E+00
ENS-ENS0/ENS0=-0.8991E-05 dENS/dt /ENS= -0.442968E-10
E-E0/E0      =-0.3729E-06 dE/dt   /E  = -0.199543E-11  ( 0.1485E-09,-0.1505E-09)
                       Dissipation/E  = -0.208559E-11
 
   4.00000000000000      mass          = -2.589440012435399E-015
   4.00000000000000      total energy  = -4.675715074055622E-007
   4.00000000000000      pot enstrophy = -1.104200276684947E-005
   4.00000000000000      vorticity     =  2.022142207758279E-021
   4.00000000000000      divergence    = -3.475556919584541E-023
   4.00000000000000      RMS divergence=  4.281013444623414E-007
        2880 time=   4.00000000000000       days
  u=   -0.202308653035656E+02   0.356499235569649E+02   0.123058503891240E+06
  v=   -0.293363535896622E+02   0.352598709485903E+02  -0.135909577291114E+03
  p=    0.409217173234424E+04   0.229151403908725E+05   0.555890607936964E+08
 sqrt(g(h0+max(h)) =    285.236487832241     
 
M-M0/M0      =-0.2589E-14 dM/dt   /M  = -0.374630E-19
ENS-ENS0/ENS0=-0.1104E-04 dENS/dt /ENS= -0.474802E-10
E-E0/E0      =-0.4676E-06 dE/dt   /E  = -0.219249E-11  ( 0.1151E-09,-0.1173E-09)
                       Dissipation/E  = -0.229346E-11
 
   4.50000000000000      mass          = -1.294720006217699E-015
   4.50000000000000      total energy  = -5.713125492309118E-007
   4.50000000000000      pot enstrophy = -1.336139218635925E-005
   4.50000000000000      vorticity     =  1.348094805172186E-022
   4.50000000000000      divergence    =  6.424514305898697E-023
   4.50000000000000      RMS divergence=  4.254528851891607E-007
        3240 time=   4.50000000000000       days
  u=   -0.200669317750695E+02   0.360708005961177E+02   0.122513557459047E+06
  v=   -0.298404420987596E+02   0.351246993213730E+02   0.316484955511273E+03
  p=    0.410090802949042E+04   0.229194794788251E+05   0.555885146220532E+08
 sqrt(g(h0+max(h)) =    285.244093854413     
 
M-M0/M0      =-0.1295E-14 dM/dt   /M  =  0.299704E-19
ENS-ENS0/ENS0=-0.1336E-04 dENS/dt /ENS= -0.536903E-10
E-E0/E0      =-0.5713E-06 dE/dt   /E  = -0.240141E-11  ( 0.1620E-09,-0.1644E-09)
                       Dissipation/E  = -0.249335E-11
lat/lon interp movie output: ios=   1 interpolation type=0
 
   5.00000000000000      mass          = -2.103920010103762E-015
   5.00000000000000      total energy  = -6.834401096736966E-007
   5.00000000000000      pot enstrophy = -1.578768452415917E-005
   5.00000000000000      vorticity     = -1.078475844137748E-021
   5.00000000000000      divergence    = -7.372393465785391E-024
   5.00000000000000      RMS divergence=  4.491856383226716E-007
        3600 time=   5.00000000000000       days
  u=   -0.204970223896514E+02   0.365162459315008E+02   0.121899123019286E+06
  v=   -0.308089781035850E+02   0.348695355054625E+02   0.464814745960329E+03
  p=    0.410423155293867E+04   0.229135110931818E+05   0.555895347923088E+08
 sqrt(g(h0+max(h)) =    285.233631770838     
 
M-M0/M0      =-0.2104E-14 dM/dt   /M  = -0.187315E-19
ENS-ENS0/ENS0=-0.1579E-04 dENS/dt /ENS= -0.561651E-10
E-E0/E0      =-0.6834E-06 dE/dt   /E  = -0.259555E-11  ( 0.1983E-09,-0.2009E-09)
                       Dissipation/E  = -0.268952E-11
 
   5.50000000000000      mass          = -9.710400046632746E-016
   5.50000000000000      total energy  = -8.038799110060974E-007
   5.50000000000000      pot enstrophy = -1.831439279544762E-005
   5.50000000000000      vorticity     = -8.088568831033113E-022
   5.50000000000000      divergence    =  9.610441482184527E-023
   5.50000000000000      RMS divergence=  4.857947143150168E-007
        3960 time=   5.50000000000000       days
  u=   -0.200235129068858E+02   0.373906554970299E+02   0.121369052289786E+06
  v=   -0.320198866316508E+02   0.347746141506290E+02   0.100346759030905E+04
  p=    0.410855472302467E+04   0.229209703438778E+05   0.555906528082400E+08
 sqrt(g(h0+max(h)) =    285.246707156941     
 
M-M0/M0      =-0.9710E-15 dM/dt   /M  =  0.262241E-19
ENS-ENS0/ENS0=-0.1831E-04 dENS/dt /ENS= -0.584897E-10
E-E0/E0      =-0.8039E-06 dE/dt   /E  = -0.278796E-11  ( 0.9683E-10,-0.9962E-10)
                       Dissipation/E  = -0.287685E-11
 
   6.00000000000000      mass          = -1.456560006994912E-015
   6.00000000000000      total energy  = -9.324681709493941E-007
   6.00000000000000      pot enstrophy = -2.086685217395037E-005
   6.00000000000000      vorticity     = -1.213285324654967E-021
   6.00000000000000      divergence    = -2.264377993062656E-023
   6.00000000000000      RMS divergence=  4.970371342372794E-007
        4320 time=   6.00000000000000       days
  u=   -0.199571751801527E+02   0.379459236018734E+02   0.120884359269612E+06
  v=   -0.321641273728320E+02   0.348378476132625E+02   0.129222445022834E+04
  p=    0.409964439000607E+04   0.229026079798039E+05   0.555899907727157E+08
 sqrt(g(h0+max(h)) =    285.214518529131     
 
M-M0/M0      =-0.1457E-14 dM/dt   /M  = -0.112389E-19
ENS-ENS0/ENS0=-0.2087E-04 dENS/dt /ENS= -0.590859E-10
E-E0/E0      =-0.9325E-06 dE/dt   /E  = -0.297658E-11  ( 0.2272E-09,-0.2301E-09)
                       Dissipation/E  = -0.305750E-11
 
   6.50000000000000      mass          = -1.780240008549337E-015
   6.50000000000000      total energy  = -1.069087989891703E-006
   6.50000000000000      pot enstrophy = -2.340077058483935E-005
   6.50000000000000      vorticity     = -2.426570649309934E-021
   6.50000000000000      divergence    =  1.471845695490726E-022
   6.50000000000000      RMS divergence=  5.367982755579744E-007
        4680 time=   6.50000000000000       days
  u=   -0.197144804720279E+02   0.386567901074819E+02   0.120451908227464E+06
  v=   -0.327853824341056E+02   0.355028176068399E+02   0.143338179893070E+04
  p=    0.408351536184713E+04   0.228928821914544E+05   0.555892383943829E+08
 sqrt(g(h0+max(h)) =    285.197468066346     
 
M-M0/M0      =-0.1780E-14 dM/dt   /M  = -0.749259E-20
ENS-ENS0/ENS0=-0.2340E-04 dENS/dt /ENS= -0.586569E-10
E-E0/E0      =-0.1069E-05 dE/dt   /E  = -0.316250E-11  ( 0.2675E-09,-0.2706E-09)
                       Dissipation/E  = -0.326328E-11
 
   7.00000000000000      mass          = -1.294720006217699E-015
   7.00000000000000      total energy  = -1.213862902420711E-006
   7.00000000000000      pot enstrophy = -2.585507509464492E-005
   7.00000000000000      vorticity     = -1.617713766206623E-021
   7.00000000000000      divergence    =  4.423436079471234E-023
   7.00000000000000      RMS divergence=  5.204495638939993E-007
        5040 time=   7.00000000000000       days
  u=   -0.192812430836033E+02   0.392564822208542E+02   0.119971625646586E+06
  v=   -0.329928659072463E+02   0.350032117682590E+02   0.187709120904815E+04
  p=    0.409705563055189E+04   0.228864835649837E+05   0.555885222509422E+08
 sqrt(g(h0+max(h)) =    285.186249957784     
 
M-M0/M0      =-0.1295E-14 dM/dt   /M  =  0.112389E-19
ENS-ENS0/ENS0=-0.2586E-04 dENS/dt /ENS= -0.568141E-10
E-E0/E0      =-0.1214E-05 dE/dt   /E  = -0.335128E-11  ( 0.2637E-09,-0.2671E-09)
                       Dissipation/E  = -0.344376E-11
 
   7.50000000000000      mass          = -6.473600031088497E-016
   7.50000000000000      total energy  = -1.366995720732627E-006
   7.50000000000000      pot enstrophy = -2.825579144077945E-005
   7.50000000000000      vorticity     = -4.044284415516557E-022
   7.50000000000000      divergence    =  4.844715706087542E-023
   7.50000000000000      RMS divergence=  5.395760060131661E-007
        5400 time=   7.50000000000000       days
  u=   -0.196863466843122E+02   0.396971846170334E+02   0.119445415611481E+06
  v=   -0.336997964034681E+02   0.347552478103040E+02   0.190771813834072E+04
  p=    0.410231026162374E+04   0.228774166783529E+05   0.555884756041430E+08
 sqrt(g(h0+max(h)) =    285.170353084525     
 
M-M0/M0      =-0.6474E-15 dM/dt   /M  =  0.149852E-19
ENS-ENS0/ENS0=-0.2826E-04 dENS/dt /ENS= -0.555737E-10
E-E0/E0      =-0.1367E-05 dE/dt   /E  = -0.354475E-11  ( 0.2935E-09,-0.2970E-09)
                       Dissipation/E  = -0.364281E-11
 
   8.00000000000000      mass          = -1.780240008549337E-015
   8.00000000000000      total energy  = -1.528845309831002E-006
   8.00000000000000      pot enstrophy = -3.071977196303076E-005
   8.00000000000000      vorticity     = -1.078475844137748E-021
   8.00000000000000      divergence    = -3.225422141281108E-023
   8.00000000000000      RMS divergence=  5.508518490000907E-007
        5760 time=   8.00000000000000       days
  u=   -0.204232551282937E+02   0.399358938368852E+02   0.118798825466750E+06
  v=   -0.336530731644957E+02   0.354746944510514E+02   0.219817705485772E+04
  p=    0.408292849486586E+04   0.228641404703021E+05   0.555886643603626E+08
 sqrt(g(h0+max(h)) =    285.147074455100     
 
M-M0/M0      =-0.1780E-14 dM/dt   /M  = -0.262241E-19
ENS-ENS0/ENS0=-0.3072E-04 dENS/dt /ENS= -0.570383E-10
E-E0/E0      =-0.1529E-05 dE/dt   /E  = -0.374652E-11  ( 0.4504E-09,-0.4542E-09)
                       Dissipation/E  = -0.384160E-11
 
   8.50000000000000      mass          = -2.103920010103762E-015
   8.50000000000000      total energy  = -1.699424364117006E-006
   8.50000000000000      pot enstrophy = -3.330292535041318E-005
   8.50000000000000      vorticity     = -6.740474025860928E-022
   8.50000000000000      divergence    =  9.057511972250622E-023
   8.50000000000000      RMS divergence=  5.382526524805104E-007
        6120 time=   8.50000000000000       days
  u=   -0.200025707650927E+02   0.405153027132828E+02   0.118187874203851E+06
  v=   -0.332378591068797E+02   0.361562392862642E+02   0.242585695669153E+04
  p=    0.407226705596901E+04   0.228464463861361E+05   0.555883778494223E+08
 sqrt(g(h0+max(h)) =    285.116046525158     
 
M-M0/M0      =-0.2104E-14 dM/dt   /M  = -0.749259E-20
ENS-ENS0/ENS0=-0.3330E-04 dENS/dt /ENS= -0.597972E-10
E-E0/E0      =-0.1699E-05 dE/dt   /E  = -0.394860E-11  ( 0.4825E-09,-0.4865E-09)
                       Dissipation/E  = -0.404791E-11
 
   9.00000000000000      mass          = -6.473600031088497E-016
   9.00000000000000      total energy  = -1.878955528722964E-006
   9.00000000000000      pot enstrophy = -3.606123295721278E-005
   9.00000000000000      vorticity     = -1.482904285689404E-021
   9.00000000000000      divergence    = -1.169050963860255E-022
   9.00000000000000      RMS divergence=  5.543449304933366E-007
        6480 time=   9.00000000000000       days
  u=   -0.201872791188510E+02   0.402637380451708E+02   0.117711438610800E+06
  v=   -0.334702531820095E+02   0.366303751145615E+02   0.257344760135088E+04
  p=    0.407187068639809E+04   0.228422643470096E+05   0.555879353248270E+08
 sqrt(g(h0+max(h)) =    285.108712506317     
 
M-M0/M0      =-0.6474E-15 dM/dt   /M  =  0.337167E-19
ENS-ENS0/ENS0=-0.3606E-04 dENS/dt /ENS= -0.638520E-10
E-E0/E0      =-0.1879E-05 dE/dt   /E  = -0.415582E-11  ( 0.5370E-09,-0.5411E-09)
                       Dissipation/E  = -0.426334E-11
 
   9.50000000000000      mass          = -2.103920010103762E-015
   9.50000000000000      total energy  = -2.067914073632847E-006
   9.50000000000000      pot enstrophy = -3.910075174444191E-005
   9.50000000000000      vorticity     =  0.000000000000000E+000
   9.50000000000000      divergence    =  4.897375659414580E-023
   9.50000000000000      RMS divergence=  5.375635821431474E-007
        6840 time=   9.50000000000000       days
  u=   -0.203507321802034E+02   0.404867332197218E+02   0.117325145095044E+06
  v=   -0.331117240227387E+02   0.364410013245924E+02   0.260421818764130E+04
  p=    0.407026006881191E+04   0.228292268097768E+05   0.555877005434212E+08
 sqrt(g(h0+max(h)) =    285.085847438586     
 
M-M0/M0      =-0.2104E-14 dM/dt   /M  = -0.337167E-19
ENS-ENS0/ENS0=-0.3910E-04 dENS/dt /ENS= -0.703620E-10
E-E0/E0      =-0.2068E-05 dE/dt   /E  = -0.437405E-11  ( 0.5621E-09,-0.5665E-09)
                       Dissipation/E  = -0.447183E-11
lat/lon interp movie output: ios=   1 interpolation type=0
 
   10.0000000000000      mass          = -1.780240008549337E-015
   10.0000000000000      total energy  = -2.265992579314228E-006
   10.0000000000000      pot enstrophy = -4.229141571217460E-005
   10.0000000000000      vorticity     = -9.436663636205300E-022
   10.0000000000000      divergence    =  5.581955052666081E-023
   10.0000000000000      RMS divergence=  5.544019289067637E-007
        7200 time=   10.0000000000000       days
  u=   -0.203764429874012E+02   0.410203735183931E+02   0.116788415913746E+06
  v=   -0.335227998489810E+02   0.361975207827585E+02   0.267777307272691E+04
  p=    0.405560536305920E+04   0.228233116338882E+05   0.555881917900096E+08
 sqrt(g(h0+max(h)) =    285.075472873217     
 
M-M0/M0      =-0.1780E-14 dM/dt   /M  =  0.749259E-20
ENS-ENS0/ENS0=-0.4229E-04 dENS/dt /ENS= -0.738611E-10
E-E0/E0      =-0.2266E-05 dE/dt   /E  = -0.458516E-11  ( 0.5449E-09,-0.5495E-09)
                       Dissipation/E  = -0.467825E-11
 
   10.5000000000000      mass          = -1.456560006994912E-015
   10.5000000000000      total energy  = -2.473173723028680E-006
   10.5000000000000      pot enstrophy = -4.561189749467351E-005
   10.5000000000000      vorticity     = -1.078475844137748E-021
   10.5000000000000      divergence    = -1.263838879848924E-023
   10.5000000000000      RMS divergence=  5.500916076952442E-007
        7560 time=   10.5000000000000       days
  u=   -0.197741726582776E+02   0.413152994297888E+02   0.116173919489013E+06
  v=   -0.334090198380678E+02   0.349560621296809E+02   0.235122982692941E+04
  p=    0.407230131314280E+04   0.228208400059253E+05   0.555886060594551E+08
 sqrt(g(h0+max(h)) =    285.071137798840     
 
M-M0/M0      =-0.1457E-14 dM/dt   /M  =  0.749259E-20
ENS-ENS0/ENS0=-0.4561E-04 dENS/dt /ENS= -0.768665E-10
E-E0/E0      =-0.2473E-05 dE/dt   /E  = -0.479587E-11  ( 0.6641E-09,-0.6689E-09)
                       Dissipation/E  = -0.490526E-11
 
   11.0000000000000      mass          = -4.855200023316373E-016
   11.0000000000000      total energy  = -2.689586776253073E-006
   11.0000000000000      pot enstrophy = -4.908026143261344E-005
   11.0000000000000      vorticity     =  6.740474025860928E-022
   11.0000000000000      divergence    = -3.212257152949349E-023
   11.0000000000000      RMS divergence=  5.594955473866984E-007
        7920 time=   11.0000000000000       days
  u=   -0.195210675044356E+02   0.414474459077128E+02   0.115803186883543E+06
  v=   -0.336673346201202E+02   0.344789236749567E+02   0.260489800023549E+04
  p=    0.407339503474198E+04   0.228243416478397E+05   0.555880414993890E+08
 sqrt(g(h0+max(h)) =    285.077279431104     
 
M-M0/M0      =-0.4855E-15 dM/dt   /M  =  0.224778E-19
ENS-ENS0/ENS0=-0.4908E-04 dENS/dt /ENS= -0.802901E-10
E-E0/E0      =-0.2690E-05 dE/dt   /E  = -0.500957E-11  ( 0.4919E-09,-0.4969E-09)
                       Dissipation/E  = -0.510845E-11
 
   11.5000000000000      mass          = -1.132880005440487E-015
   11.5000000000000      total energy  = -2.915540810140634E-006
   11.5000000000000      pot enstrophy = -5.272708593061219E-005
   11.5000000000000      vorticity     = -1.213285324654967E-021
   11.5000000000000      divergence    = -6.529834212552774E-023
   11.5000000000000      RMS divergence=  5.612255186023839E-007
        8280 time=   11.5000000000000       days
  u=   -0.216148578934955E+02   0.413161787602401E+02   0.115510019410233E+06
  v=   -0.332202955011076E+02   0.344085481751885E+02   0.234314887014290E+04
  p=    0.407176632783628E+04   0.228238822038536E+05   0.555881758528742E+08
 sqrt(g(h0+max(h)) =    285.076473606388     
 
M-M0/M0      =-0.1133E-14 dM/dt   /M  = -0.149852E-19
ENS-ENS0/ENS0=-0.5273E-04 dENS/dt /ENS= -0.844217E-10
E-E0/E0      =-0.2916E-05 dE/dt   /E  = -0.523043E-11  ( 0.6914E-09,-0.6966E-09)
                       Dissipation/E  = -0.534314E-11
 
   12.0000000000000      mass          = -9.710400046632746E-016
   12.0000000000000      total energy  = -3.151806757402944E-006
   12.0000000000000      pot enstrophy = -5.665045957939153E-005
   12.0000000000000      vorticity     = -4.044284415516557E-022
   12.0000000000000      divergence    =  1.790438413119309E-023
   12.0000000000000      RMS divergence=  5.377121110973050E-007
        8640 time=   12.0000000000000       days
  u=   -0.236640706606788E+02   0.412314182907550E+02   0.115156378049192E+06
  v=   -0.326523222017045E+02   0.342176424521398E+02   0.275390923724977E+04
  p=    0.406150667994034E+04   0.228297490640889E+05   0.555886477831291E+08
 sqrt(g(h0+max(h)) =    285.086763396845     
 
M-M0/M0      =-0.9710E-15 dM/dt   /M  =  0.374630E-20
ENS-ENS0/ENS0=-0.5665E-04 dENS/dt /ENS= -0.908240E-10
E-E0/E0      =-0.3152E-05 dE/dt   /E  = -0.546914E-11  ( 0.5034E-09,-0.5089E-09)
                       Dissipation/E  = -0.558519E-11
 
   12.5000000000000      mass          = -4.855200023316373E-016
   12.5000000000000      total energy  = -3.399049704367352E-006
   12.5000000000000      pot enstrophy = -6.101864961988897E-005
   12.5000000000000      vorticity     = -5.392379220688742E-022
   12.5000000000000      divergence    =  3.317577059603426E-023
   12.5000000000000      RMS divergence=  5.579175735917993E-007
        9000 time=   12.5000000000000       days
  u=   -0.251205880707168E+02   0.410550513618112E+02   0.114852776130545E+06
  v=   -0.320214896772872E+02   0.343409608286227E+02   0.268874785079964E+04
  p=    0.407305865566001E+04   0.228270130230607E+05   0.555886176198953E+08
 sqrt(g(h0+max(h)) =    285.081964745335     
 
M-M0/M0      =-0.4855E-15 dM/dt   /M  =  0.112389E-19
ENS-ENS0/ENS0=-0.6102E-04 dENS/dt /ENS= -0.101122E-09
E-E0/E0      =-0.3399E-05 dE/dt   /E  = -0.572324E-11  ( 0.7033E-09,-0.7090E-09)
                       Dissipation/E  = -0.585234E-11
 
   13.0000000000000      mass          = -9.710400046632746E-016
   13.0000000000000      total energy  = -3.657606527541448E-006
   13.0000000000000      pot enstrophy = -6.585002194705591E-005
   13.0000000000000      vorticity     =  0.000000000000000E+000
   13.0000000000000      divergence    = -6.740474025860928E-023
   13.0000000000000      RMS divergence=  5.849670085165242E-007
        9360 time=   13.0000000000000       days
  u=   -0.262295810339977E+02   0.408500698599064E+02   0.114485471874175E+06
  v=   -0.316208664587877E+02   0.343767393343088E+02   0.284118475498089E+04
  p=    0.406218524920107E+04   0.228283831516373E+05   0.555878194283772E+08
 sqrt(g(h0+max(h)) =    285.084367778448     
 
M-M0/M0      =-0.9710E-15 dM/dt   /M  = -0.112389E-19
ENS-ENS0/ENS0=-0.6585E-04 dENS/dt /ENS= -0.111845E-09
E-E0/E0      =-0.3658E-05 dE/dt   /E  = -0.598513E-11  ( 0.6269E-09,-0.6329E-09)
                       Dissipation/E  = -0.611406E-11
 
   13.5000000000000      mass          = -9.710400046632746E-016
   13.5000000000000      total energy  = -3.927482393202697E-006
   13.5000000000000      pot enstrophy = -7.107107552695285E-005
   13.5000000000000      vorticity     = -4.044284415516557E-022
   13.5000000000000      divergence    =  2.738317573006002E-023
   13.5000000000000      RMS divergence=  5.759930983642698E-007
        9720 time=   13.5000000000000       days
  u=   -0.264541419870791E+02   0.397184288213248E+02   0.114003579370599E+06
  v=   -0.305338242113341E+02   0.352125614426221E+02   0.274202783129309E+04
  p=    0.405131876553028E+04   0.228280235297593E+05   0.555873190464358E+08
 sqrt(g(h0+max(h)) =    285.083737048888     
 
M-M0/M0      =-0.9710E-15 dM/dt   /M  =  0.000000E+00
ENS-ENS0/ENS0=-0.7107E-04 dENS/dt /ENS= -0.120866E-09
E-E0/E0      =-0.3927E-05 dE/dt   /E  = -0.624715E-11  ( 0.6247E-09,-0.6309E-09)
                       Dissipation/E  = -0.637779E-11
 
   14.0000000000000      mass          = -4.855200023316373E-016
   14.0000000000000      total energy  = -4.209524414336092E-006
   14.0000000000000      pot enstrophy = -7.679860652468403E-005
   14.0000000000000      vorticity     = -1.078475844137748E-021
   14.0000000000000      divergence    =  7.372393465785391E-024
   14.0000000000000      RMS divergence=  5.320075917002191E-007
       10080 time=   14.0000000000000       days
  u=   -0.266554254595231E+02   0.400498508419149E+02   0.113477659295537E+06
  v=   -0.293067366623565E+02   0.354257043815441E+02   0.273723257702281E+04
  p=    0.405936128860223E+04   0.228300053144952E+05   0.555875745248376E+08
 sqrt(g(h0+max(h)) =    285.087212821788     
 
M-M0/M0      =-0.4855E-15 dM/dt   /M  =  0.112389E-19
ENS-ENS0/ENS0=-0.7680E-04 dENS/dt /ENS= -0.132592E-09
E-E0/E0      =-0.4210E-05 dE/dt   /E  = -0.652878E-11  ( 0.5185E-09,-0.5250E-09)
                       Dissipation/E  = -0.666973E-11
 
   14.5000000000000      mass          = -1.780240008549337E-015
   14.5000000000000      total energy  = -4.505122957054161E-006
   14.5000000000000      pot enstrophy = -8.328061416386251E-005
   14.5000000000000      vorticity     = -5.392379220688742E-022
   14.5000000000000      divergence    =  1.448148716493559E-023
   14.5000000000000      RMS divergence=  5.494987266989331E-007
       10440 time=   14.5000000000000       days
  u=   -0.264155527145516E+02   0.394484464471503E+02   0.112963569759215E+06
  v=   -0.288545453248636E+02   0.352325298877783E+02   0.239844199274283E+04
  p=    0.404732524598603E+04   0.228200421439273E+05   0.555877605571385E+08
 sqrt(g(h0+max(h)) =    285.069738386815     
 
M-M0/M0      =-0.1780E-14 dM/dt   /M  = -0.299704E-19
ENS-ENS0/ENS0=-0.8328E-04 dENS/dt /ENS= -0.150059E-09
E-E0/E0      =-0.4505E-05 dE/dt   /E  = -0.684259E-11  ( 0.5836E-09,-0.5905E-09)
                       Dissipation/E  = -0.700304E-11
lat/lon interp movie output: ios=   1 interpolation type=0
 
   15.0000000000000      mass          = -2.265760010880974E-015
   15.0000000000000      total energy  = -4.814954036684188E-006
   15.0000000000000      pot enstrophy = -9.054116918078292E-005
   15.0000000000000      vorticity     = -6.740474025860928E-022
   15.0000000000000      divergence    =  1.337562814506778E-022
   15.0000000000000      RMS divergence=  5.640658546178198E-007
       10800 time=   15.0000000000000       days
  u=   -0.267523276816084E+02   0.393695833304261E+02   0.112351036068119E+06
  v=   -0.282279925962253E+02   0.353206066249039E+02   0.257995114558430E+04
  p=    0.404316617162040E+04   0.228217837001430E+05   0.555873493135058E+08
 sqrt(g(h0+max(h)) =    285.072792984780     
 
M-M0/M0      =-0.2266E-14 dM/dt   /M  = -0.112389E-19
ENS-ENS0/ENS0=-0.9054E-04 dENS/dt /ENS= -0.168084E-09
E-E0/E0      =-0.4815E-05 dE/dt   /E  = -0.717205E-11  ( 0.4577E-09,-0.4649E-09)
                       Dissipation/E  = -0.733816E-11
 exiting program...
