 number of MPI processes:            4
 (t_initf) Read in prof_inparm namelist from: input.nl
 (t_initf) Using profile_disable= F  profile_timer=          14
 (t_initf)  profile_depth_limit=       99999  profile_detail_limit=           1
 (t_initf)  profile_barrier= F  profile_outpe_num=          -1
 (t_initf)  profile_outpe_stride=           1  profile_single_file= T
 (t_initf)  profile_global_stats= T  profile_papi_enable= F
 reading ctl namelist...
 reading filter namelist...
 reading analysis namelist...
 common_movie_mod.F90         209           8 ps   geop u    v    lonp latp 
 time zeta 
 done reading namelist...
 readnl: accum         =           90         300         600
 readnl: topology      = cube
 readnl: test_case     = swtc5
 readnl: sub_case      =            1
 readnl: ndays         =            1
 readnl: nmax          =          360
 readnl: qsize,qsize_d =            4           4
 readnl: NThreads      =            1
 readnl: ne,np,nv      =            2           8           8
 readnl: partmethod    =            4
 readnl: nmpi_per_node =            4
 readnl: multilevel    =            1
 readnl: useframes     =            0
 readnl: nnodes        =            1
 readnl: npart         =            4
 
 readnl: integration   = explicit
 readnl: tracer_advection_formulation  =            0
 readnl: tstep_type    =            0
 readnl: tstep         =    240.000000000000     
 readnl: ftype         =            0
 readnl: energy_fixer  =            0
 readnl: runtype       =            0
 filter: smooth        =   0.000000000000000E+000
 limiter_option        =           -1
 weak form hyper viscsosity subcycle, tracer subcycle =            1           1
 viscosity:  nu        =   0.000000000000000E+000
 viscosity:  nu_s      =   0.000000000000000E+000
 viscosity:  nu_q      =   0.000000000000000E+000
 viscosity:  nu_p      =   0.000000000000000E+000
 viscosity:  nu_top      =   0.000000000000000E+000
   analysis: output_prefix = 
   analysis: io_stride =            1
   analysis: num_io_procs =            4
   analysis stream     :           1
   analysis : start_time           0
   analysis : end_time           360
   analysis : frequency          360
   analysis : variables   ps  geop  u  v  lonp  latp  time  zeta  
                  
          
  analysis interp nlat =           48
  analysis interp nlon =           96
  analysis interp gridtype =            2
  analysis interpolation type =            0
 
  total simulated time =    86400.0000000000     
 
 
 ============================================
         Testing Gaussian Quadrature...
 
           points              weights
 ============================================
           1 -0.960289856497536       0.101228536290376     
           2 -0.796666477413627       0.222381034453374     
           3 -0.525532409916329       0.313706645877887     
           4 -0.183434642495650       0.362683783378362     
           5  0.183434642495650       0.362683783378362     
           6  0.525532409916329       0.313706645877887     
           7  0.796666477413627       0.222381034453374     
           8  0.960289856497536       0.101228536290376     
 ============================================
 sum of Gaussian weights=   2.00000000000000     
 ============================================
 
 ============================================
       Testing Gauss-Lobatto Quadrature...
 
           points              weights
 ============================================
           1  -1.00000000000000       3.571428571428571E-002
           2 -0.871740148509607       0.210704227143506     
           3 -0.591700181433142       0.341122692483504     
           4 -0.209299217902479       0.412458794658704     
           5  0.209299217902479       0.412458794658704     
           6  0.591700181433142       0.341122692483504     
           7  0.871740148509607       0.210704227143506     
           8   1.00000000000000       3.571428571428571E-002
 ============================================
 sum of Gauss-Lobatto weights=   2.00000000000000     
 ============================================
 creating cube topology...
 ...done.
 partitioning graph...
 ...done.
 initializing cube elements...
 ...doprocess:  1 thread:  0 element limits:    1   6
process:  2 thread:  0 element limits:    1   6
process:  3 thread:  0 element limits:    1   6
ne.
 allocating state variables...
 number of elements=           6
 Main:NThreads=           1
process:  0 thread:  0 element limits:    1   6
 
 Running Global Integral Diagnostic...
 Area of unit sphere is  0.999999999999724     
 Should be 1.0 to round off...
Element area:  max/min  1.000
Equatorial grid spacing: ave,min,max (km) =   715.39  321.14 1048.11 (T  18)
gravity wave dt:  (global min_dx/pi)    /342m/s:     275.38s
gravity wave dt:  (equatorial min_dx/pi)/342m/s:     298.90s
 transfer function type in homme=bv      
 filter type            in homme=taylor  
Tv(:) =   1.000000  1.000000  1.000000  1.000000  1.000000  0.995701  0.106647  0.000000
 runtype: INITIAL of Shallow Water equations
 initializing swtc5...
 
  0.000000000000000E+000 mass          =  0.000000000000000E+000
  0.000000000000000E+000 total energy  =  0.000000000000000E+000
  0.000000000000000E+000 pot enstrophy =  0.000000000000000E+000
  0.000000000000000E+000 vorticity     = -8.088568831033113E-022
  0.000000000000000E+000 divergence    =  2.856882476200827E-023
  0.000000000000000E+000 RMS divergence=  1.780631598817408E-011
Initializing   48 x   96 lat-lon interpolation grid: 
 finished latitude            1  of           48
Average number of interpolation points per element:    192.0
Maximum number of interpolation points on any element:    316
 Opening file 
 ./movies/swtc51.nc                                                             
  
 writing coordinates to ios=           1
lat/lon interp movie output: ios=   1 interpolation type=0
  u=   -0.200000000000000E+02   0.200000000000000E+02   0.204800000000000E+05
  v=   -0.200000000000000E+02   0.200000000000000E+02  -0.113686837721616E-12
  p=    0.403656108167925E+04   0.228356486419098E+05   0.892850808447871E+07
 sqrt(g(h0+max(h)) =    285.097110195649     
 
  u=   -0.200000000000000E+02   0.200000012412606E+02   0.204800000000000E+05
  v=   -0.200000000000000E+02   0.200000000000000E+02  -0.113686837721616E-12
  p=    0.403656108167925E+04   0.228356574397743E+05   0.892850808447871E+07
 sqrt(g(h0+max(h)) =    285.097125625241     
 
M-M0/M0      =-0.6474E-15 dM/dt   /M  = -0.269732E-17
ENS-ENS0/ENS0= 0.1927E-08 dENS/dt /ENS=  0.802799E-11
E-E0/E0      = 0.1763E-08 dE/dt   /E  =  0.734686E-11  (-0.1329E-18, 0.7347E-11)
                       Dissipation/E  =  0.000000E+00
 
  0.166666666666667      mass          = -8.091958495164500E-016
  0.166666666666667      total energy  =  2.705459599194061E-011
  0.166666666666667      pot enstrophy = -6.560329394503445E-008
  0.166666666666667      vorticity     = -2.696189610344371E-022
  0.166666666666667      divergence    = -8.372932578999122E-023
  0.166666666666667      RMS divergence=  4.413893983685520E-007
          60 time=  0.166666666666667       days
  u=   -0.199991799918443E+02   0.241141680885345E+02   0.205025776965150E+05
  v=   -0.232593246022304E+02   0.200135396362952E+02  -0.593267622841760E+02
  p=    0.403288028381954E+04   0.228520061940488E+05   0.892846918688790E+07
 sqrt(g(h0+max(h)) =    285.125796437377     
 
M-M0/M0      =-0.8092E-15 dM/dt   /M  = -0.114293E-19
ENS-ENS0/ENS0=-0.6560E-07 dENS/dt /ENS= -0.476907E-11
E-E0/E0      = 0.2705E-10 dE/dt   /E  = -0.122612E-12  ( 0.2253E-10,-0.2265E-10)
                       Dissipation/E  =  0.000000E+00
 
  0.333333333333333      mass          = -6.473566796131600E-016
  0.333333333333333      total energy  =  2.253055391695606E-011
  0.333333333333333      pot enstrophy = -2.168530436630316E-007
  0.333333333333333      vorticity     =  6.740474025860928E-022
  0.333333333333333      divergence    = -3.422896966257502E-024
  0.333333333333333      RMS divergence=  4.444076653791028E-007
         120 time=  0.333333333333333       days
  u=   -0.199937893869905E+02   0.238228586008517E+02   0.204773640433542E+05
  v=   -0.231867343174934E+02   0.201298197695324E+02  -0.842858550008911E+02
  p=    0.403871119633383E+04   0.228421262074028E+05   0.892859597467937E+07
 sqrt(g(h0+max(h)) =    285.108470248435     
 
M-M0/M0      =-0.6474E-15 dM/dt   /M  =  0.112388E-19
ENS-ENS0/ENS0=-0.2169E-06 dENS/dt /ENS= -0.105035E-10
E-E0/E0      = 0.2253E-10 dE/dt   /E  = -0.314233E-15  ( 0.1903E-09,-0.1903E-09)
                       Dissipation/E  =  0.000000E+00
 
  0.500000000000000      mass          = -3.236783398065800E-016
  0.500000000000000      total energy  =  2.459094289908469E-011
  0.500000000000000      pot enstrophy = -2.904867817960471E-007
  0.500000000000000      vorticity     =  1.348094805172186E-022
  0.500000000000000      divergence    = -2.646162654683685E-023
  0.500000000000000      RMS divergence=  4.475663802544343E-007
         180 time=  0.500000000000000       days
  u=   -0.206119652297484E+02   0.250437326989671E+02   0.204389938088189E+05
  v=   -0.244343974606293E+02   0.202751438369760E+02  -0.811241303734266E+02
  p=    0.403748537031552E+04   0.228443322971262E+05   0.892884182965315E+07
 sqrt(g(h0+max(h)) =    285.112339082556     
 
M-M0/M0      =-0.3237E-15 dM/dt   /M  =  0.224777E-19
ENS-ENS0/ENS0=-0.2905E-06 dENS/dt /ENS= -0.511346E-11
E-E0/E0      = 0.2459E-10 dE/dt   /E  =  0.143157E-15  ( 0.5287E-10,-0.5287E-10)
                       Dissipation/E  =  0.000000E+00
 
  0.666666666666667      mass          = -6.473566796131600E-016
  0.666666666666667      total energy  =  2.980887277269705E-011
  0.666666666666667      pot enstrophy = -1.604650034513795E-007
  0.666666666666667      vorticity     =  1.348094805172186E-022
  0.666666666666667      divergence    = -2.159058086408579E-023
  0.666666666666667      RMS divergence=  4.470479325448941E-007
         240 time=  0.666666666666667       days
  u=   -0.207505531163128E+02   0.261779011236936E+02   0.204233469571176E+05
  v=   -0.255633636419466E+02   0.201816714142259E+02  -0.122754229000859E+03
  p=    0.403808044559380E+04   0.228445367561650E+05   0.892882336541702E+07
 sqrt(g(h0+max(h)) =    285.112697641064     
 
M-M0/M0      =-0.6474E-15 dM/dt   /M  = -0.224777E-19
ENS-ENS0/ENS0=-0.1605E-06 dENS/dt /ENS=  0.902929E-11
E-E0/E0      = 0.2981E-10 dE/dt   /E  =  0.362372E-15  ( 0.2146E-09,-0.2146E-09)
                       Dissipation/E  =  0.000000E+00
 
  0.833333333333333      mass          = -4.855175097098700E-016
  0.833333333333333      total energy  =  3.929916080856967E-011
  0.833333333333333      pot enstrophy =  3.594438993951877E-008
  0.833333333333333      vorticity     =  1.348094805172186E-022
  0.833333333333333      divergence    = -1.169050963860255E-022
  0.833333333333333      RMS divergence=  4.470594231596607E-007
         300 time=  0.833333333333333       days
  u=   -0.202028806935958E+02   0.269125187493676E+02   0.204189335932957E+05
  v=   -0.262828123770906E+02   0.202983738725834E+02  -0.152239247471502E+03
  p=    0.403607573315729E+04   0.228430533111493E+05   0.892902720980976E+07
 sqrt(g(h0+max(h)) =    285.110096122795     
 
M-M0/M0      =-0.4855E-15 dM/dt   /M  =  0.112388E-19
ENS-ENS0/ENS0= 0.3594E-07 dENS/dt /ENS=  0.136395E-10
E-E0/E0      = 0.3930E-10 dE/dt   /E  =  0.659029E-15  ( 0.3960E-09,-0.3960E-09)
                       Dissipation/E  =  0.000000E+00
lat/lon interp movie output: ios=   1 interpolation type=0
 
   1.00000000000000      mass          = -6.473566796131600E-016
   1.00000000000000      total energy  =  5.869154874656869E-011
   1.00000000000000      pot enstrophy =  4.960013274646121E-007
   1.00000000000000      vorticity     =  4.044284415516557E-022
   1.00000000000000      divergence    = -1.126923001198624E-022
   1.00000000000000      RMS divergence=  4.804657500043288E-007
         360 time=   1.00000000000000       days
  u=   -0.202376276614920E+02   0.274937024569013E+02   0.203727373963595E+05
  v=   -0.268086373268854E+02   0.201076234165736E+02  -0.195482771261182E+03
  p=    0.403523042747820E+04   0.228454641976790E+05   0.892984799987070E+07
 sqrt(g(h0+max(h)) =    285.114324083654     
 
M-M0/M0      =-0.6474E-15 dM/dt   /M  = -0.112388E-19
ENS-ENS0/ENS0= 0.4960E-06 dENS/dt /ENS=  0.319484E-10
E-E0/E0      = 0.5869E-10 dE/dt   /E  =  0.134663E-14  ( 0.2433E-09,-0.2433E-09)
                       Dissipation/E  =  0.000000E+00
 exiting program...
